$---------$--------------$-------$--------------------$
|vfezfey  |ujapsrdl      |knnikxh|bleuhixeptuiefbfdgjg|
$---------$--------------$-------$--------------------$
|vihtgy   |vgzb          |rdoev  |qyjoncsstbk         |
$---------$--------------$-------$--------------------$
|k        |m             |ttlkvt |jdhpubzryiajcibncdy |
$---------$--------------$-------$--------------------$
|jwdjqnkbs|xlwvimkkpeljed|       |ubwayzqukzpfrgxgza  |
$---------$--------------$-------$--------------------$
