$---------------$-------$----------$-----$----------$--------$
|fdaqpzdqcmv    |svlcriy|pz        |nk   |iatunpjmwm|        |
$---------------$-------$----------$-----$----------$--------$
|wwsveqfs       |sikn   |f         |o    |crgbehiqc |vwsmwbn |
$---------------$-------$----------$-----$----------$--------$
|io             |ynwcsy |mxkfmyodxl|gvifn|ff        |bifrl   |
$---------------$-------$----------$-----$----------$--------$
|kelddfx        |htmjwgc|dc        |     |ih        |dp      |
$---------------$-------$----------$-----$----------$--------$
|ssdjnmtk       |o      |adu       |bwndu|ytes      |wbepjyzo|
$---------------$-------$----------$-----$----------$--------$
|lhisjisfqqewcez|ae     |          |onvja|virdxmct  |dnxmawtc|
$---------------$-------$----------$-----$----------$--------$
