$-----------$---$-----$-------------$-------------$-----$
|45859087272|dxw|   76|ikwo0wsjoi8l8|jwrnwy3cjmafa|4u9iv|
$-----------$---$-----$-------------$-------------$-----$
|86012273312|56j|     |hwhlonfogigrj|         3108|e2li8|
$-----------$---$-----$-------------$-------------$-----$
|epcz16nbm42|612|aexwv|f3flqcno7jnmv|ukcebeukxiqhx|jacqe|
$-----------$---$-----$-------------$-------------$-----$
|ejsfezvcbef|   |60gjl|3611267004798|ukk5isa66idjt|00210|
$-----------$---$-----$-------------$-------------$-----$
|59145268842|914|b6zi9|itgifbgamgwmq|f3rzkh8ij6pzw|shgp8|
$-----------$---$-----$-------------$-------------$-----$
|38943559699|wfc|5u1ou|lup519nivm7cz|5859441502471|oyyze|
$-----------$---$-----$-------------$-------------$-----$
