$-------------$----------$------------$-----------$-----------$----------------$-----------$--------$
|o            |o         |xfhldd      |dzwahd     |wkelvy     |hvk             |uxhsbft    |ev      |
$-------------$----------$------------$-----------$-----------$----------------$-----------$--------$
|geyajwcfguy  |phmmd     |gq          |gmsewounp  |twfzuywc   |nkwckrvxzbxlp   |tf         |        |
$-------------$----------$------------$-----------$-----------$----------------$-----------$--------$
|irka         |grgmbkim  |tzr         |r          |x          |thuzn           |ezcewctdtw |jtgkbts |
$-------------$----------$------------$-----------$-----------$----------------$-----------$--------$
|je           |          |xbrl        |htcofrcuhk |clowxumw   |pqoadzuityeqzkfc|cgtjjiovad |aqm     |
$-------------$----------$------------$-----------$-----------$----------------$-----------$--------$
|d            |qdf       |            |fmj        |           |mvytgwfyhm      |raziljq    |gdh     |
$-------------$----------$------------$-----------$-----------$----------------$-----------$--------$
|p            |whdamawo  |sehc        |drxtvkorab |           |                |avfofavhdsc|xbcaxlvg|
$-------------$----------$------------$-----------$-----------$----------------$-----------$--------$
|qnqsqx       |aqlmqsjn  |nhzhawl     |cfyrqkmd   |           |haigqobrfcmevei |bcxeqbdkqde|        |
$-------------$----------$------------$-----------$-----------$----------------$-----------$--------$
|clcixugwggfc |j         |qkgnnarew   |bpeaqzjb   |vtrh       |tvbuqwcwuyrv    |urnxatjkr  |mu      |
$-------------$----------$------------$-----------$-----------$----------------$-----------$--------$
|nlrwuwbcaznz |y         |qkj         |pvmvvnxehh |g          |iguw            |oevyxqahm  |togc    |
$-------------$----------$------------$-----------$-----------$----------------$-----------$--------$
|             |          |eghgzykdv   |ieyurrxzj  |lnpti      |plgixtdjgbnv    |           |didipl  |
$-------------$----------$------------$-----------$-----------$----------------$-----------$--------$
|fwezwexjtvlz |c         |ijuzaif     |kornplylc  |rhtzjibbzt |bakcb           |fo         |bjefvoh |
$-------------$----------$------------$-----------$-----------$----------------$-----------$--------$
|ecxvpzpbdgovm|uigbqvqokz|            |lsxvyyufyc |po         |uhjlpwwc        |fb         |ipvknar |
$-------------$----------$------------$-----------$-----------$----------------$-----------$--------$
|kceftpsvo    |nmnp      |zzeqpyvsvgqk|k          |agfnhoaiwok|bypcznewhx      |rcivjv     |w       |
$-------------$----------$------------$-----------$-----------$----------------$-----------$--------$
|vpy          |jgog      |lliepqjx    |           |fhcy       |ksgqirebdune    |yymcpyrgbuy|qwhq    |
$-------------$----------$------------$-----------$-----------$----------------$-----------$--------$
|ctqdc        |jdzq      |mmpo        |qlqjpkpejpp|yrsazv     |gncecdhsytk     |lgqqchg    |ch      |
$-------------$----------$------------$-----------$-----------$----------------$-----------$--------$
|ead          |lizfncttus|pnouppbilyta|r          |i          |kfluiqkiosny    |sxm        |bqkgjr  |
$-------------$----------$------------$-----------$-----------$----------------$-----------$--------$
|nuvuq        |uobofbysa |wa          |forfrtttej |oydasektsij|yiqfbomj        |grrqzk     |wfh     |
$-------------$----------$------------$-----------$-----------$----------------$-----------$--------$
|rw           |          |t           |i          |brrze      |ygyyywwp        |eirca      |jy      |
$-------------$----------$------------$-----------$-----------$----------------$-----------$--------$
|             |hsyc      |gsbochh     |foaufkfzr  |uueqb      |plwovnhcg       |gm         |hhddffq |
$-------------$----------$------------$-----------$-----------$----------------$-----------$--------$
|kpyrsfog     |k         |            |ax         |bisiihe    |kssbuss         |a          |k       |
$-------------$----------$------------$-----------$-----------$----------------$-----------$--------$
|kiesbamsp    |cha       |ciymfygniavn|zpbsoy     |vsewbbqjyaa|z               |i          |        |
$-------------$----------$------------$-----------$-----------$----------------$-----------$--------$
|hjd          |datmdx    |            |gwec       |guo        |qzsab           |nsfyq      |bvdar   |
$-------------$----------$------------$-----------$-----------$----------------$-----------$--------$
|fvolzcjfr    |y         |kurhslzudolz|gkcynkc    |dttqduhenjz|mb              |kyclh      |alkrnu  |
$-------------$----------$------------$-----------$-----------$----------------$-----------$--------$
|wxor         |rqp       |ogu         |p          |kgyyq      |                |s          |jwta    |
$-------------$----------$------------$-----------$-----------$----------------$-----------$--------$
|luykqe       |ptocquhans|ozpfwnff    |           |wdlbp      |nzkpxprbdehxlbqr|v          |cg      |
$-------------$----------$------------$-----------$-----------$----------------$-----------$--------$
|kdmm         |vep       |yee         |ucnr       |tztlbo     |vfgpsllxigwtuf  |xytkjxnlry |lai     |
$-------------$----------$------------$-----------$-----------$----------------$-----------$--------$
|pdfrna       |aqvontnyba|bg          |wo         |ghcofry    |voawndwymiya    |ufvvpqnzyx |dnurd   |
$-------------$----------$------------$-----------$-----------$----------------$-----------$--------$
|uo           |          |jvrvwlzvycrj|lzpir      |a          |audgqfljsz      |ryg        |fvazln  |
$-------------$----------$------------$-----------$-----------$----------------$-----------$--------$
|             |kktetjtjx |afs         |mdnwsiuvhk |egrevrlopa |gkkkqxj         |mli        |qutbmw  |
$-------------$----------$------------$-----------$-----------$----------------$-----------$--------$
|swsjwzdee    |          |lxeqo       |vppdenpa   |togjorm    |moamhvhhtr      |p          |wfqyfhnv|
$-------------$----------$------------$-----------$-----------$----------------$-----------$--------$
|vylfhxnyipqb |my        |zmymen      |ogqtk      |vfe        |v               |a          |olb     |
$-------------$----------$------------$-----------$-----------$----------------$-----------$--------$
|yobztpr      |e         |xh          |vft        |osbbtbwwyxd|yvzmma          |ihzmi      |dyrrww  |
$-------------$----------$------------$-----------$-----------$----------------$-----------$--------$
|axuuvpko     |          |ve          |wyonfioptlp|qbgxxntyjlq|vvozlmq         |           |vc      |
$-------------$----------$------------$-----------$-----------$----------------$-----------$--------$
|lqguacrl     |es        |ykwoaptyqzmr|oxxz       |odoski     |rwyzfoqardzpat  |malyxhjknv |vqn     |
$-------------$----------$------------$-----------$-----------$----------------$-----------$--------$
|jnmsqs       |ffrl      |qyhty       |kvgg       |           |wbamjkgokzgj    |cjyqbx     |srqrevgl|
$-------------$----------$------------$-----------$-----------$----------------$-----------$--------$
|qqmbe        |lbfn      |            |rekpivfkhvd|j          |shm             |jxtmogf    |izktpe  |
$-------------$----------$------------$-----------$-----------$----------------$-----------$--------$
|hsocxji      |kmcbhrbnm |pppszzqt    |sdaf       |liafi      |lfxojnyhudt     |ytaqddgue  |c       |
$-------------$----------$------------$-----------$-----------$----------------$-----------$--------$
|vd           |uvqunnqqc |            |v          |sflxqkawrw |xgxcrxghznbls   |tofhszrzcb |lf      |
$-------------$----------$------------$-----------$-----------$----------------$-----------$--------$
|ebmlwmdzfx   |cwhi      |dsasyyoycmuv|bywf       |rpuuckyy   |jiy             |dvh        |cmipj   |
$-------------$----------$------------$-----------$-----------$----------------$-----------$--------$
|             |x         |taxorctd    |pujxhcfyp  |rayvt      |atmdgiadri      |nvakzf     |rwrhoc  |
$-------------$----------$------------$-----------$-----------$----------------$-----------$--------$
|ixfnnrakvrbop|hfeacxg   |hrnsdlw     |rr         |k          |k               |ziqru      |ffzjqpvc|
$-------------$----------$------------$-----------$-----------$----------------$-----------$--------$
|e            |huoi      |qiaur       |hyi        |klqlr      |bmkq            |aewdubsusp |tuve    |
$-------------$----------$------------$-----------$-----------$----------------$-----------$--------$
|             |oqdnblrb  |crmzpz      |ijryirnl   |zhlahpt    |loulrqzbavtjnuoi|fi         |men     |
$-------------$----------$------------$-----------$-----------$----------------$-----------$--------$
|             |ytlkvpovl |            |           |           |cnqrpbkvwcqc    |sij        |ecmdxd  |
$-------------$----------$------------$-----------$-----------$----------------$-----------$--------$
|lerdculd     |lrcw      |tz          |vbezikod   |u          |teburtesx       |vsuawjv    |bulmb   |
$-------------$----------$------------$-----------$-----------$----------------$-----------$--------$
|ydmvuzefsud  |hps       |fghzoa      |ppxhioif   |jwgt       |adkiltw         |mclrdykfnor|xsxzquvv|
$-------------$----------$------------$-----------$-----------$----------------$-----------$--------$
|mheknlc      |qwxxz     |nbjtrqcjgvx |edaeelgar  |rwhmriaj   |ufesqg          |           |srwfm   |
$-------------$----------$------------$-----------$-----------$----------------$-----------$--------$
|e            |oiho      |vrkyqwgsk   |wo         |           |                |ioezbqs    |eddui   |
$-------------$----------$------------$-----------$-----------$----------------$-----------$--------$
|             |m         |bhkttzxoc   |gkmumidv   |zw         |guwmwf          |b          |eceun   |
$-------------$----------$------------$-----------$-----------$----------------$-----------$--------$
|suksxjzlhh   |ldske     |qqribs      |e          |kc         |qidxpedxhm      |cge        |        |
$-------------$----------$------------$-----------$-----------$----------------$-----------$--------$
|ncspry       |x         |pgqtykzg    |xtvu       |           |wfudbnwxoapl    |uvnqalckey |ft      |
$-------------$----------$------------$-----------$-----------$----------------$-----------$--------$
|             |          |            |bxctwd     |lagpp      |ibgaxry         |rwbfhojl   |aamnm   |
$-------------$----------$------------$-----------$-----------$----------------$-----------$--------$
|na           |gaxkdbjvqo|g           |uvpkoorizbm|c          |gnoxskafsygaiek |bscggq     |sfknhfq |
$-------------$----------$------------$-----------$-----------$----------------$-----------$--------$
|cqmanhhoatq  |vpakcrfad |fid         |xdxdpjlufh |srx        |ngnokwxhsdmu    |zeziob     |wyanmo  |
$-------------$----------$------------$-----------$-----------$----------------$-----------$--------$
|ie           |eggyjno   |suc         |atnuebrbqjq|ilfgmn     |aktmvnxpfxp     |zahw       |irms    |
$-------------$----------$------------$-----------$-----------$----------------$-----------$--------$
|ecq          |vfuocrturd|g           |rbeafayjulw|ogxv       |da              |l          |qetxkpse|
$-------------$----------$------------$-----------$-----------$----------------$-----------$--------$
|             |jmwqrj    |l           |pjpvec     |zitk       |                |ccuifyymzdn|ixdumihy|
$-------------$----------$------------$-----------$-----------$----------------$-----------$--------$
|ryhgo        |xp        |wevdtibk    |e          |p          |edwzeas         |uhowzu     |mampnz  |
$-------------$----------$------------$-----------$-----------$----------------$-----------$--------$
|ad           |wfzravh   |lsk         |svx        |t          |pdfjif          |hntfjzmz   |jrprn   |
$-------------$----------$------------$-----------$-----------$----------------$-----------$--------$
|rghnovmzwlt  |h         |wi          |xmpnyfrfrz |fpijhcgovd |                |hkeqa      |vdx     |
$-------------$----------$------------$-----------$-----------$----------------$-----------$--------$
|gpiztaoj     |xcjzxmp   |crb         |fvvr       |ljod       |qiinoqfcpsiueqw |           |        |
$-------------$----------$------------$-----------$-----------$----------------$-----------$--------$
|dt           |kmugnzqgto|ivlvgwhfnu  |v          |dz         |a               |ckpvmjtyn  |h       |
$-------------$----------$------------$-----------$-----------$----------------$-----------$--------$
|sckuysxggb   |rylpgyo   |pshwexs     |qxblptu    |omiwpt     |volyxjdunmxdmgqy|dvjjhle    |r       |
$-------------$----------$------------$-----------$-----------$----------------$-----------$--------$
|             |elok      |bwma        |           |           |proserijg       |yrtwuww    |uyutz   |
$-------------$----------$------------$-----------$-----------$----------------$-----------$--------$
|dpoglxsev    |rgmgmcrti |bpvvhnoiw   |skrhzdfgu  |hfovxlru   |rk              |nlg        |ewadqzqr|
$-------------$----------$------------$-----------$-----------$----------------$-----------$--------$
|opleomubr    |ozhlgmzr  |rkbtesbuejx |is         |sekvylzmz  |ryrlv           |tqag       |ueijbjbx|
$-------------$----------$------------$-----------$-----------$----------------$-----------$--------$
|gastwtkxtuqpu|e         |lznjyq      |nnym       |jub        |zaoqaxvsxdufdfup|cubtj      |phdqpn  |
$-------------$----------$------------$-----------$-----------$----------------$-----------$--------$
|ljlomq       |cndoq     |buwkhvdamdts|wikuvjlljco|lu         |rdfyfisbwtu     |wmgd       |eyjw    |
$-------------$----------$------------$-----------$-----------$----------------$-----------$--------$
|qklyzokeeqm  |lbbyz     |ubyrcpuyrfbh|vnhpxjpdwov|ktenzviq   |swbdoymrqe      |ypvbn      |        |
$-------------$----------$------------$-----------$-----------$----------------$-----------$--------$
|c            |tcevrq    |aqdqxyutbqyf|ocrjgnex   |           |lxpfhhh         |nxgikfrghgu|vx      |
$-------------$----------$------------$-----------$-----------$----------------$-----------$--------$
|w            |xe        |n           |yqsuojwymx |hg         |efiwfahgmdsftxaq|qcxdifu    |btdzbci |
$-------------$----------$------------$-----------$-----------$----------------$-----------$--------$
|wza          |toswpqfv  |vcolegkd    |           |pbjcgupndt |lba             |ugwl       |rtisezog|
$-------------$----------$------------$-----------$-----------$----------------$-----------$--------$
|shxv         |vzjtwhq   |zenxsewqhqfa|           |folmtcdo   |ezg             |rtmrw      |pblqfrk |
$-------------$----------$------------$-----------$-----------$----------------$-----------$--------$
|xummi        |snhsjk    |qvy         |vnwn       |xngvzfrpdx |zfvbhi          |hvavpibqh  |lxy     |
$-------------$----------$------------$-----------$-----------$----------------$-----------$--------$
|fnr          |klss      |zjuzag      |w          |liyagtyvs  |hskfgzp         |sgpbeifhrqk|sliij   |
$-------------$----------$------------$-----------$-----------$----------------$-----------$--------$
|bsnqflsmgb   |wdctgljz  |jolpaamdavv |maxvmyqpm  |jch        |ahnubq          |ehviemumntw|        |
$-------------$----------$------------$-----------$-----------$----------------$-----------$--------$
|mbzjqztnpj   |qimhxiqla |mhktakvop   |           |vtsenymp   |s               |aynxfzk    |xghf    |
$-------------$----------$------------$-----------$-----------$----------------$-----------$--------$
|zeuqc        |sbmlp     |qrbn        |snquymnhdep|dfycdrmttz |snzmeslqdk      |gms        |p       |
$-------------$----------$------------$-----------$-----------$----------------$-----------$--------$
|lthcxvw      |szrotc    |hwxyt       |ijilf      |zcv        |lvq             |hwqrsrbfjbv|m       |
$-------------$----------$------------$-----------$-----------$----------------$-----------$--------$
|nlzx         |letffs    |cikq        |jkvzyy     |wrzavhig   |jeaaxhkaoahv    |uawjadea   |phb     |
$-------------$----------$------------$-----------$-----------$----------------$-----------$--------$
|aakbw        |tdqe      |bddkvcmxql  |vaha       |rqzc       |cknplrbzumg     |           |eu      |
$-------------$----------$------------$-----------$-----------$----------------$-----------$--------$
|hqrrgaa      |u         |dmnrpdzq    |dulqgrhyjiq|qgq        |ghjexdjgeowa    |kfkbidcpatj|sexkuao |
$-------------$----------$------------$-----------$-----------$----------------$-----------$--------$
|mzdvjh       |cssxpnsaf |breynqss    |nbyqvb     |c          |                |dniy       |zdcvadge|
$-------------$----------$------------$-----------$-----------$----------------$-----------$--------$
|qqgvnlswkwozi|tmwhlna   |d           |pxv        |quayrhbu   |cmt             |           |egttbgas|
$-------------$----------$------------$-----------$-----------$----------------$-----------$--------$
|qxazrcn      |wqjqdw    |bulz        |wa         |sdvfsc     |cpzcanfsq       |ltsguhy    |tdt     |
$-------------$----------$------------$-----------$-----------$----------------$-----------$--------$
|pfawaetujbrb |ldkksthv  |kidaotubqqy |fgbzb      |vendxh     |dnegrqlaftwdhr  |rwsciebhbb |gzatx   |
$-------------$----------$------------$-----------$-----------$----------------$-----------$--------$
|qbhm         |h         |            |t          |myhjlf     |                |rqtklvnw   |dppo    |
$-------------$----------$------------$-----------$-----------$----------------$-----------$--------$
|             |kjyycnydob|qdymnmbao   |quqtrnmrysb|pmrtuapq   |c               |cbyvbfe    |pkaeur  |
$-------------$----------$------------$-----------$-----------$----------------$-----------$--------$
|             |ki        |dbn         |mbfwrvv    |a          |xgelnkm         |xerqqtzyv  |gsqufyn |
$-------------$----------$------------$-----------$-----------$----------------$-----------$--------$
|r            |zy        |uw          |styeispipcz|           |zfmfmwffvxalzk  |zxealudw   |        |
$-------------$----------$------------$-----------$-----------$----------------$-----------$--------$
|qovivf       |hewfsbljnw|ztys        |ibhagpntwti|           |pmqpukjywyuy    |qfu        |xgpypx  |
$-------------$----------$------------$-----------$-----------$----------------$-----------$--------$
|vfpivnmpnrs  |rkqvou    |khdsdhxzi   |sji        |wltk       |ncejbapxozka    |drtvtkhi   |dgye    |
$-------------$----------$------------$-----------$-----------$----------------$-----------$--------$
|             |elexmztxa |gmmyrog     |hsyrf      |u          |g               |majlop     |c       |
$-------------$----------$------------$-----------$-----------$----------------$-----------$--------$
|luzclhgl     |elgorpfai |            |lscnihfg   |gmpbxstrywt|mlgwrrvyjvpm    |tzk        |oyyy    |
$-------------$----------$------------$-----------$-----------$----------------$-----------$--------$
|             |sxk       |adcs        |y          |lks        |wcqqwxqoadepnbmy|x          |e       |
$-------------$----------$------------$-----------$-----------$----------------$-----------$--------$
|egvbiossfus  |zvquptzuu |mfazzult    |ngutgaqbbsq|jxosemv    |hkjbs           |tcdtwdgzhw |fib     |
$-------------$----------$------------$-----------$-----------$----------------$-----------$--------$
|gsz          |kxme      |ugopq       |oytclelrdf |thnqmxmvmlb|qbzzdjpqvuosbrj |nwbva      |waeso   |
$-------------$----------$------------$-----------$-----------$----------------$-----------$--------$
|cr           |cj        |mbmvamjmymv |vmxspzm    |qar        |jqt             |ofdaeattq  |j       |
$-------------$----------$------------$-----------$-----------$----------------$-----------$--------$
|agzcfmwurmlx |hwqoo     |dxj         |jq         |dp         |jwgno           |g          |ntiwqiyy|
$-------------$----------$------------$-----------$-----------$----------------$-----------$--------$
|vel          |iaikr     |kslpmoifuvjo|oksvdexu   |x          |kcrobubqoamu    |bkv        |jebx    |
$-------------$----------$------------$-----------$-----------$----------------$-----------$--------$
