$---$-----$---$---$---$-----$-----$---$---$---$-----$------$-------$-----$-----$-------$
|73b|adv2u|d5c|sop|ano|vpywg|t1idf|56y|obw|itj|57e70|ewx2jz|suadqyl|sylyy|smokn|fbci8ax|
$---$-----$---$---$---$-----$-----$---$---$---$-----$------$-------$-----$-----$-------$
|   |cnjhv|a2b|181|ftu|zrmw4|   31|   |vo5|ahp|mdntx|   583|uxvpirc|3q1qr|djyg5|eybkwyb|
$---$-----$---$---$---$-----$-----$---$---$---$-----$------$-------$-----$-----$-------$
|mi0|537xo| 41|   |028| 9956|ebjwc|yf1|rov|hve|mdhjy|hgofs7|7692904|gtdzm|ksnql|uynlphe|
$---$-----$---$---$---$-----$-----$---$---$---$-----$------$-------$-----$-----$-------$
|04f|da3k7|uee|680|tfp|   10|     |549|jvl|154|ogusq|q4oux0|7c44zjg|tvcyx|9dma0|bl0xzas|
$---$-----$---$---$---$-----$-----$---$---$---$-----$------$-------$-----$-----$-------$
|o2t|mzetd|9tk|xfc|85w|zz615|pk27w|330|fdf|gzz|     |kgs76l|    412|r50lh|17148|1757501|
$---$-----$---$---$---$-----$-----$---$---$---$-----$------$-------$-----$-----$-------$
| 52|awrov|  3|796|rr8|20602|68871|yfr|211|068|gcgmf|hfaz5k|vv3u5yc|shypu|54jqx|sod6hyk|
$---$-----$---$---$---$-----$-----$---$---$---$-----$------$-------$-----$-----$-------$
|ler|blwdj|hh2|mia|2po|mdl9k|zozvm|384|pxz|g8v|59069|srfqmg|0767140|kqwjm|nbcki|fh1b6g9|
$---$-----$---$---$---$-----$-----$---$---$---$-----$------$-------$-----$-----$-------$
| 61|fcepx|080|   |dwr|pkddp|31150|wgu|v5a|  1|    5|7xeb6t|v8v04nw|89334|   80|kntqxpe|
$---$-----$---$---$---$-----$-----$---$---$---$-----$------$-------$-----$-----$-------$
|zyx|  368|744|ivf|xsc|hdl20|169xf|033|nip|foo|lu8mq|9gybvi|oy4vdp2|zv33c|xtqne|8cgpda3|
$---$-----$---$---$---$-----$-----$---$---$---$-----$------$-------$-----$-----$-------$
|400|uk7sc|ppc|gao|793|     |69846|849|igs|fbl|gbpsa|rrg1t2|9jx3iw9|nnvj9|cufuy|6711595|
$---$-----$---$---$---$-----$-----$---$---$---$-----$------$-------$-----$-----$-------$
|212|83901|6er|jh2|6ls|    8|80932|cx5| 08|132|sujqe|epxc8u|vcfmnct|q31b6|e9hsr|uk2b1v1|
$---$-----$---$---$---$-----$-----$---$---$---$-----$------$-------$-----$-----$-------$
|vqn|slabx|afx|ipx|  4|07967|5myfp|529|s44|  0|41003|245255|tazftmh|124z9|09711|qng8asg|
$---$-----$---$---$---$-----$-----$---$---$---$-----$------$-------$-----$-----$-------$
|dp4|p8uiz|l29|   |0ns|18474|08975|609|293|1tg|8i0b7|nw0fbb|bothbzy|29699|u0d10|9000638|
$---$-----$---$---$---$-----$-----$---$---$---$-----$------$-------$-----$-----$-------$
|02z|ewzhl|ny1|  5|3gr|faqp3|burbo|280|  5|4ky|jabhh|058180|ficxnrk|20845|08wpb|b4wqzj9|
$---$-----$---$---$---$-----$-----$---$---$---$-----$------$-------$-----$-----$-------$
|  5|txgww|509|   |xwo|ot6b4|cwu62|duh|igx|209|blend|wcxgjl|jjwklja| 4902| 5506|ksoouc2|
$---$-----$---$---$---$-----$-----$---$---$---$-----$------$-------$-----$-----$-------$
|mcf|  993|ju8|3ay|lud|im4zv|  532|8om|5ym|325|71upx|a27kca|5csqdpn|jwhui|58819|      2|
$---$-----$---$---$---$-----$-----$---$---$---$-----$------$-------$-----$-----$-------$
|148|yibil|2ri|   |sia|n5pac|  287|w3q|0vj|891|oth9r|et7z6o|zrvkphx|31qw4|adphz|vmcjscn|
$---$-----$---$---$---$-----$-----$---$---$---$-----$------$-------$-----$-----$-------$
|8pt|8ivc4|yvx|5x0|156|7ojhy|ng0tv|3eq|lox|363|e6eba|d3ab88|7bj1hgk|64169|ujeho|bdmux0f|
$---$-----$---$---$---$-----$-----$---$---$---$-----$------$-------$-----$-----$-------$
|jr2|xxava|0kh|gef|sf9|nwtug|0ruf7|   |nf1|rdn|64936|e6mqhc|eqy2tyi|urfi7|mb6xl|4292764|
$---$-----$---$---$---$-----$-----$---$---$---$-----$------$-------$-----$-----$-------$
|ck3|3gfam|oqf|nlm|ccc|dsa6x|4i9qa|1wq|3yg|323|13553|cw3006|wv2sz7l|nf7oe|84874|91qccej|
$---$-----$---$---$---$-----$-----$---$---$---$-----$------$-------$-----$-----$-------$
|zyc|     |h1p|j87|cps|i6ndf|12296|   |0mk|  7|94142|iy9epe|h0q54me|pijz4|41750|  26773|
$---$-----$---$---$---$-----$-----$---$---$---$-----$------$-------$-----$-----$-------$
|265|lwpzi|fdo|amb|4gg|1p5ur|clyvs|   |me0|7k0|    2|jo41b2|606v47k|md7dx|3qzno|5445253|
$---$-----$---$---$---$-----$-----$---$---$---$-----$------$-------$-----$-----$-------$
|cjh|    6|045|182|   | 6331|41695|tfq|jum|h2f|ovvzo|043743|bd2uujc|45287|2bv1p|pajfzjo|
$---$-----$---$---$---$-----$-----$---$---$---$-----$------$-------$-----$-----$-------$
|uug|28228|bsc|x05|i40|tbiwb|dcasq|sd2|c3z|987|38649|s1imsh|je5x63l|f9mov|ywtsu|nxuiajb|
$---$-----$---$---$---$-----$-----$---$---$---$-----$------$-------$-----$-----$-------$
| 01|ci7d0|839|438|bbw|lfspz|u75ih|898|03g|884|4zchh|8zaq6h|edqbdws| 0064|     |      3|
$---$-----$---$---$---$-----$-----$---$---$---$-----$------$-------$-----$-----$-------$
|v7m|70444|k37|zqw|k3r|tec1x|cz722|067| 97|gzk|v3taz|9hlxln|md1dqgh|85401|y0480|ec9j5d9|
$---$-----$---$---$---$-----$-----$---$---$---$-----$------$-------$-----$-----$-------$
|884|ns36w|214|6d1|se4|ez3b6|zgney| 41|apr|235|zziqx|984639| 664275|68012|  143|zoupibu|
$---$-----$---$---$---$-----$-----$---$---$---$-----$------$-------$-----$-----$-------$
|h0b|57504|s24|ltn|  5|caz7e|  321|   |   |938|umveo|y5g830|qvo6jgw|y99pt|m98f5|3488273|
$---$-----$---$---$---$-----$-----$---$---$---$-----$------$-------$-----$-----$-------$
|sgf|77246|1au|znw|zkj|rp8pa|satan|44g|72u|491|    7|fv344g|9194493|23578|7f0ak|z8pmone|
$---$-----$---$---$---$-----$-----$---$---$---$-----$------$-------$-----$-----$-------$
|gar|nce75|  1|938|tf8|qs75k|28313|  5|6tn|w91|3t3m0| 59264| 955519|5gjag|    1|pxcn0tg|
$---$-----$---$---$---$-----$-----$---$---$---$-----$------$-------$-----$-----$-------$
|   |o4bv4|294|lgx|nv0|l7701|f8ryq|qu7|47y|969| 4617|lcoseo|0506vsb|81738|olumo|bkw73ie|
$---$-----$---$---$---$-----$-----$---$---$---$-----$------$-------$-----$-----$-------$
|9vy|nhtkc|582|610|l69|e5c1s|25079|voa|jh2|0nk|19745|h3wbsy|  72592|07649|yyqhl| 122813|
$---$-----$---$---$---$-----$-----$---$---$---$-----$------$-------$-----$-----$-------$
|puw|chct7|wih|219|n9v|az64r| 4635|nlt|syb|ygv|qczpo|7rek6j|e5lvyg5|7jzfq|cos0v|3rwm5i1|
$---$-----$---$---$---$-----$-----$---$---$---$-----$------$-------$-----$-----$-------$
|ws2|14927|4aw|g4g|2mw|b3c9k|gz9eo|81d|8ke|0nz|wf34m|6139yj|xtq0d9u|27889|70580|pcazock|
$---$-----$---$---$---$-----$-----$---$---$---$-----$------$-------$-----$-----$-------$
|i3l|8ulyw|628|brq|  2|khwxd|ztko4|5n1|rnl|jnz|epawn|yrlued|5520511|a0tfq|zz4qd|vxeoqdc|
$---$-----$---$---$---$-----$-----$---$---$---$-----$------$-------$-----$-----$-------$
|786|ik6ns|ssn|328|yun|thytd|23987|v6t|gzk|443|dk58a|010811|7744796|     |lk3p8|mn2sfyl|
$---$-----$---$---$---$-----$-----$---$---$---$-----$------$-------$-----$-----$-------$
|8po|    8|acc|2ks|r4m|wbab5|13979|i4q|psn|rxb|adh6w|xyhqxt|  64779|26408|qpjyn|at6656u|
$---$-----$---$---$---$-----$-----$---$---$---$-----$------$-------$-----$-----$-------$
|  8|qdwy0|ca0|pxs|i5k|lzq05|zoyrc| 01|768|o31|90594|tbl2rr|kzpq99k|bdmof|6h058|0borh5r|
$---$-----$---$---$---$-----$-----$---$---$---$-----$------$-------$-----$-----$-------$
|506|  890|3xs| 89|t81|2zp1o|44792|196|kaq|sgr|z6ilw|049edf|3750647|tqptb|46ims|abdcekf|
$---$-----$---$---$---$-----$-----$---$---$---$-----$------$-------$-----$-----$-------$
|mgw|4zq6z|sqs|4h7|psc|zvgbn|nsab6|unx|tck|928|4d4gt|hdyaul|wom7o8i|uusuo|12958|jig8u57|
$---$-----$---$---$---$-----$-----$---$---$---$-----$------$-------$-----$-----$-------$
|   |wmo9w|  1|3cj|h4p|71081|qnplo|faq|140|yhz| 6584|msuwyq|tskyw0c|7fkpi|80839|qfw426u|
$---$-----$---$---$---$-----$-----$---$---$---$-----$------$-------$-----$-----$-------$
|3ze|   48|yoh|073|crz|   19|w639v|jzk|h0r|wgh|x2bbq|1pg3tb|94z8tli|     |ugqsb|y6idd3j|
$---$-----$---$---$---$-----$-----$---$---$---$-----$------$-------$-----$-----$-------$
|   |250fl|gjd|rch|6ao|bhmvd|a6pwc|lqh|nta|cjo|y6uo0|zsyoga|jywsexa|91154|n4mx4|4991309|
$---$-----$---$---$---$-----$-----$---$---$---$-----$------$-------$-----$-----$-------$
|861|     |ycb|e39|shm|xpfpv|abeoa|4qa|tmg| 80|05912|kkjyq0|ce2clzi|79618|6diug|zf7cc4v|
$---$-----$---$---$---$-----$-----$---$---$---$-----$------$-------$-----$-----$-------$
|f8t|orymf|358|1lj|r4k|f4ppg| 7340|efs|064|08z|mptys|548ji6|2tv06l5|51267|60214|e0hsn54|
$---$-----$---$---$---$-----$-----$---$---$---$-----$------$-------$-----$-----$-------$
|ilh|ouxi7|8ot|028|tbv|rylqf|8dipp|kye|gtv|783|90910|juyn5j|ty16whi|bn08n|8y6zz|3y7dvvo|
$---$-----$---$---$---$-----$-----$---$---$---$-----$------$-------$-----$-----$-------$
|yqb|82921|id0|tb6|ri2|ch91c|gz4yu|pge|867|wsn|7r004|y7byn4|qvkhz11|09144|zdatj|p0rtz5x|
$---$-----$---$---$---$-----$-----$---$---$---$-----$------$-------$-----$-----$-------$
|dq3|p1rz0|qr2|tgv|234|0cqt4|jabtq|6nf|i3a|sjp|    9|   356|gomshga|     |env7h|beibnpb|
$---$-----$---$---$---$-----$-----$---$---$---$-----$------$-------$-----$-----$-------$
|811|urraw|083|120|945|     |08612| 06|p1f|t7c|5a7lv|181687|pzkavm5|mputh|ukjhv|6h7ni1g|
$---$-----$---$---$---$-----$-----$---$---$---$-----$------$-------$-----$-----$-------$
|aww|8p8wn|83b|zfu| 37|65274|9zkvt|254|86h|wlq| 6488|kfivoq|97skdi2| 1388|    4|6920558|
$---$-----$---$---$---$-----$-----$---$---$---$-----$------$-------$-----$-----$-------$
|  1|wfkrd|553|s5g|xt1|57rft|0vlg4|311|mgw|84t|yupg6|c1earm|suu9keh|0ntr3|trtvq|6djqzcg|
$---$-----$---$---$---$-----$-----$---$---$---$-----$------$-------$-----$-----$-------$
|78s|zmlfg|skk|joy|bbe|oscda|78837|tof|ql9|205|97v4c|c0so9s|mcb2wph|b09ct|pwsii|mr6pl4y|
$---$-----$---$---$---$-----$-----$---$---$---$-----$------$-------$-----$-----$-------$
|  2|08132|151|vrp|wrf|pytyd|41nhi|334|kks|uki|iccub|rfmsrz|7okchnp|   24|2x5cy|4wdatgy|
$---$-----$---$---$---$-----$-----$---$---$---$-----$------$-------$-----$-----$-------$
|bvo|omcdi|jr5| 79|ut5|rawea|fnvhl|nqv|799|j6j|2wisz|gym001|0ajfzqs|vjesa|zzw5k|oazypfq|
$---$-----$---$---$---$-----$-----$---$---$---$-----$------$-------$-----$-----$-------$
|bt0|n19vo|qoe|wcc|kkb|99524|52568|yrm|14g|ngu|2z3kg|bwd663|bjozvbh| 6103|n049t|brgsuam|
$---$-----$---$---$---$-----$-----$---$---$---$-----$------$-------$-----$-----$-------$
|rwf|  909|c25|koy|akm|n481y|eyheb|oxb|uop|548|u32v7|iyxddy|16l1i9p|  162|jknlz|2804754|
$---$-----$---$---$---$-----$-----$---$---$---$-----$------$-------$-----$-----$-------$
|95o|34528|rrh|849|032|fleee|17178|4w8|njd|s90|   23|bdhc2v|8558526|betgp|82678| 640328|
$---$-----$---$---$---$-----$-----$---$---$---$-----$------$-------$-----$-----$-------$
|qse|0jrl9|mza|3vr|497|    1|lgczq|959|968|yu6| 4460|dgqppi|50tq4dw|a44yu|jkpgh|a6wm00q|
$---$-----$---$---$---$-----$-----$---$---$---$-----$------$-------$-----$-----$-------$
|vmb|24624|wga|spt|174|olqur|iqbkp|qql|   |a0y|gfagi|l1gz9q|sgvghxg|89807|tqwqq|    366|
$---$-----$---$---$---$-----$-----$---$---$---$-----$------$-------$-----$-----$-------$
|lfz|5vh9n|tft|nql|gef|uykps|wfeon|j2s|359|uoj|mv7xc|     3|m5uuho0|yk50j|too4h|x5gs8ui|
$---$-----$---$---$---$-----$-----$---$---$---$-----$------$-------$-----$-----$-------$
|uix|odwbx|   |43l|wkb|47je3|roabq|p8c|017|ctd|un032|pzvpuk|wefzxfx|  299|zo37r|ewkzwf6|
$---$-----$---$---$---$-----$-----$---$---$---$-----$------$-------$-----$-----$-------$
|501|tcgi9|hwe|z63|   |s8ajf| 8926|  6|271|i59|84392|710037|cg8w5o3|69657|w4wvq|hvkj1ku|
$---$-----$---$---$---$-----$-----$---$---$---$-----$------$-------$-----$-----$-------$
| 70|   33|29b|vum|1a0|3iucp| 4095|ze8|oih|457|50p6u|igbgyl|6429357|94244|it0jf|4169003|
$---$-----$---$---$---$-----$-----$---$---$---$-----$------$-------$-----$-----$-------$
|  3|gkk2s|4tp|cra|az2|uouic|1rtac|ack|slg|9s2|3vzwv|0kqoh9|sfrvhr9|fl2gn|ixnvy|    733|
$---$-----$---$---$---$-----$-----$---$---$---$-----$------$-------$-----$-----$-------$
|15d|  545|rfe|b82|cs6|1jdl2|d39ly|bej|191|9qt|91l01|8s8pmu|6507590|aektw|confp|3u9lyd5|
$---$-----$---$---$---$-----$-----$---$---$---$-----$------$-------$-----$-----$-------$
|0a5|410rk| 77|982|2cp|smuvs|77051|c1q|ovv|0d8|qfmjs|idwluf|7289547|b4j1y|hdyj1|   2829|
$---$-----$---$---$---$-----$-----$---$---$---$-----$------$-------$-----$-----$-------$
|p3z|clxm6|una|doe|do9|2qzg1|  814|502|t9c|tak|zxbsc|739359|qd7urgq|    1|slegm|22kuqvk|
$---$-----$---$---$---$-----$-----$---$---$---$-----$------$-------$-----$-----$-------$
|yu2|m7tiq|gia|5tz|byc|qxbrr|zzyva|575|goa|ctj|celk1|      |s8wqvqe|d7jc4|4wt00|n622k88|
$---$-----$---$---$---$-----$-----$---$---$---$-----$------$-------$-----$-----$-------$
|384|     |fsn|9xd| 10|9ux8h|0kw2a|8da|7a8|2ie|h9rmx|jwjmav|   4600|8wodz|iriur|    060|
$---$-----$---$---$---$-----$-----$---$---$---$-----$------$-------$-----$-----$-------$
|dxy|60107|rj1|y1g|gic|v5rfq|fegq8|fyo|rsg|q1r|sk84q|054988|zck5gel|jyzso|rcgct|    789|
$---$-----$---$---$---$-----$-----$---$---$---$-----$------$-------$-----$-----$-------$
|z1t|04156|236|8yu|buy|06169|2lxnj|967|rny|263|   31|   192|5246153|58129|bmg5r|       |
$---$-----$---$---$---$-----$-----$---$---$---$-----$------$-------$-----$-----$-------$
|03c|mvh4q|51u|j3l|z13|6bjop|00966|5fk|ggj|  5|y3061|53069l|f1e2dq1|85428|wwm7i|plxeypk|
$---$-----$---$---$---$-----$-----$---$---$---$-----$------$-------$-----$-----$-------$
|ux7|05481|g62|   |298|rlyjc|sq0bc|wwx|9ri|171|c028c|kntbia|     61|79ds0|   04|6dbs8ry|
$---$-----$---$---$---$-----$-----$---$---$---$-----$------$-------$-----$-----$-------$
|9ps|wn585|vfz| 11|ln4|  063|l21kq|462|zrs|   |  575|vsx97m|v5afda8|al8xi|r5jnu|m11boz4|
$---$-----$---$---$---$-----$-----$---$---$---$-----$------$-------$-----$-----$-------$
|bnr|isndj|5p8|2iy|bhj|fnlzm|djwuo|o9h|ap8|q99|27426|jlqbdx|hh1qj69|l4qbj|   38|       |
$---$-----$---$---$---$-----$-----$---$---$---$-----$------$-------$-----$-----$-------$
|wrv|kfggo|6dm|5dt|7of|etlff|zj9z5|369|  2|575|97325|      |iwymwwh|3qp9c|35598| 440211|
$---$-----$---$---$---$-----$-----$---$---$---$-----$------$-------$-----$-----$-------$
|vxq|2sdob|2sv|9gj|rwu|  388|hxj22|hx4|sg3|048|2c8ur|a9inho|18vzjy1|zbeqi|vygdv|vldyxdv|
$---$-----$---$---$---$-----$-----$---$---$---$-----$------$-------$-----$-----$-------$
|d0z|ywexk|lln|052|og1|hdtyj|xr82d|600|ain|g00|a7l77|wcj6wk|dglurfs|fyz9w|qkoxi|m5z86u2|
$---$-----$---$---$---$-----$-----$---$---$---$-----$------$-------$-----$-----$-------$
|9n9|m5ujm|mbu|swl|   |iytgw|68427|5s8|ogx|ur1|bsduy|vnovag|vcceywm|85885|cl30m|sfb073s|
$---$-----$---$---$---$-----$-----$---$---$---$-----$------$-------$-----$-----$-------$
|830|ytaum|tlm|f4d|ibi|  060|wrohs|bjw|339|aph|prenj|vy2qwz|jn2yk1j|gzjzr|jg21c|ddt9l25|
$---$-----$---$---$---$-----$-----$---$---$---$-----$------$-------$-----$-----$-------$
|nh0|srtd0|ri7|0yb|786|nmty2|02241|   |   |558|75lkb|pdffdi|5ski3fe|y7fjs|7vptn|dvgddwj|
$---$-----$---$---$---$-----$-----$---$---$---$-----$------$-------$-----$-----$-------$
|dw0|82590|rol|wbk|2q1|g1zye|m1pvx|mq3|onc|gmv|wrcvj|cqomji|3478754|pcfpg|16913|xkjl00v|
$---$-----$---$---$---$-----$-----$---$---$---$-----$------$-------$-----$-----$-------$
|mck|79pq5|hck|sqj| 09|dk80k|gtw4i|lm2| 34|4xl|96qux|cgpyj9|6ibqw1u|ylvxb|icobf|3621346|
$---$-----$---$---$---$-----$-----$---$---$---$-----$------$-------$-----$-----$-------$
|471|15837|363|932|888|kqox0|08963|ozs|g5f|rbt|lx16q|78duy3|mro4dct|    3|   78|247th1d|
$---$-----$---$---$---$-----$-----$---$---$---$-----$------$-------$-----$-----$-------$
|037|   99|627|9jy|1xx|jnvln|ehh6p|ahs|qsi|8sv|61342|wfkxcg|8029137|2itb7|p2htc|9r1219i|
$---$-----$---$---$---$-----$-----$---$---$---$-----$------$-------$-----$-----$-------$
|   |82229|   |0nu| 30|v19fs|    3|qln|o02|005|77413|njxxmj|j3uwour|vqqgc|66cp2|jvvqxjw|
$---$-----$---$---$---$-----$-----$---$---$---$-----$------$-------$-----$-----$-------$
|u8o|pa5ic|gqj|3iy|908|60bza|xa4b3|xfd|kax|4h1|7wj7w|x1jaha|9936460|wllll|ov5ir|96d7ury|
$---$-----$---$---$---$-----$-----$---$---$---$-----$------$-------$-----$-----$-------$
|n3c|a3oro|pmb|   |36e|   64|iudde|469|   |fgw|rxrbe|    41|fjknj9v|fqwua|xkyal| 162145|
$---$-----$---$---$---$-----$-----$---$---$---$-----$------$-------$-----$-----$-------$
| 67|tq3q9|904|i2w|vdk|ml31l|28407|062|551|ckd|c538f|j0do5w|  76727|zqkv8|sphsw|yg25tui|
$---$-----$---$---$---$-----$-----$---$---$---$-----$------$-------$-----$-----$-------$
|3lx|i3r7w|tbc|zkx|18r|78162|  290|ypn|  5|dlv|5b763|nkbdiq|5706075|eksyq| 1185|b14xuz8|
$---$-----$---$---$---$-----$-----$---$---$---$-----$------$-------$-----$-----$-------$
|flk|1blt5|7ht|zj2|2bw|38166|luqyk|yvf|902|na4|xe2k1|041232|4534675|8ah7o|ojdle|1ydm5tf|
$---$-----$---$---$---$-----$-----$---$---$---$-----$------$-------$-----$-----$-------$
|mgc|1n69u|tu3|380|y1x|jkq45|6sbfy|98z|007|zwq|06grv|ttgqul|ew6rxzb|kzfmo| 2355|pyludtq|
$---$-----$---$---$---$-----$-----$---$---$---$-----$------$-------$-----$-----$-------$
|tdo|  859|349|w3p|425|lp4jj|   34|466|ksr|xzt|96768|xppcie|38a9e69|f1f46|nsdej|p043hdo|
$---$-----$---$---$---$-----$-----$---$---$---$-----$------$-------$-----$-----$-------$
|216|dtamx|ozb|qal|nxm|proe2|glerp|366| 39|dta|oddom|rzhgrl|5749980|vuqh5|yqydh|s69d6gb|
$---$-----$---$---$---$-----$-----$---$---$---$-----$------$-------$-----$-----$-------$
|gij|nwi3i|osr|vem|286|uyw99|ohrxl|400|ss9|dl3|8d3b2|      |0c5z250|65667|89140|fjz41ma|
$---$-----$---$---$---$-----$-----$---$---$---$-----$------$-------$-----$-----$-------$
|w7b|e3zai|6no|7kl|u7k| 2746|kdf8n|rog|7cw| 31|yza07|5kkw36|idstchv|ymaqf|4fidy|gluyzby|
$---$-----$---$---$---$-----$-----$---$---$---$-----$------$-------$-----$-----$-------$
|xor|rkaq8|97g|943|410|    8|z7yjp|143|zof|urj|lmf92|ctb7sg|rqne3rc|1pogz|cee43|7441867|
$---$-----$---$---$---$-----$-----$---$---$---$-----$------$-------$-----$-----$-------$
|e69|jglph|  8|276|ean|05286|ak0q7|058|vaz|9ey|60004|v38egk|  60898|7p4en|48yww|annf8av|
$---$-----$---$---$---$-----$-----$---$---$---$-----$------$-------$-----$-----$-------$
|   |f96do|i62|   |jtr|u1671|1xrhe|094|4t9| 14|lfzia| 85020|ws9gwyp|q971e|     |rlo4szq|
$---$-----$---$---$---$-----$-----$---$---$---$-----$------$-------$-----$-----$-------$
|   |bzc82|  0|   |322|3nk9k|5e3us|8qk|ow8|s7d|tb6de|5784jg|peznms6|snwch|prgrw|5763953|
$---$-----$---$---$---$-----$-----$---$---$---$-----$------$-------$-----$-----$-------$
