+-----------+---------------------+----------------+-------------------+
|hgxb3k4aqa4|                34720|   5880871642741|pctgb2h22u5a2tl1xjm|
+-----------+---------------------+----------------+-------------------+
|0e424m9b79k|q5udvbbc05mjibwmpzgvp|7334246209241356|ikgtktngyyoonxewfoq|
+-----------+---------------------+----------------+-------------------+
|    0616799|3bz76nc9zvufat0k6beqe|ite17f3btfzhv5by|ulo1yyooqtuhan3ce4t|
+-----------+---------------------+----------------+-------------------+
|mc3egirfm58|ypdz7y4fhaqsu9prmh25f|vedc6woh5j6a0bas|w53f9p5h07j5rdu0i2i|
+-----------+---------------------+----------------+-------------------+
