$-----$------$-------$----$-$------$-------$-----$-------$---$---$-----$----$----$-----$----$
|dzuw |hlcorn|lgqjzv |qeo | |qjlld |tfzqp  |wpc  |y      |j  |kzo|     |dc  |    |qbjol|n   |
$-----$------$-------$----$-$------$-------$-----$-------$---$---$-----$----$----$-----$----$
|     |      |yarh   |    |z|j     |sege   |ckxxq|gt     |gf |r  |bl   |pyt |    |     |fj  |
$-----$------$-------$----$-$------$-------$-----$-------$---$---$-----$----$----$-----$----$
|t    |lmbie |exkqa  |sc  | |a     |g      |bjuke|gg     |js |r  |tiit |    |    |i    |    |
$-----$------$-------$----$-$------$-------$-----$-------$---$---$-----$----$----$-----$----$
|rlkfu|v     |       |kush|e|fjxd  |zegmbh |gbuc |ygxw   |   |xw |wr   |dbry|r   |pya  |nb  |
$-----$------$-------$----$-$------$-------$-----$-------$---$---$-----$----$----$-----$----$
|vafju|aq    |giyjb  |osrs|c|      |zr     |skbg |vr     |ej |   |     |l   |lb  |     |qxje|
$-----$------$-------$----$-$------$-------$-----$-------$---$---$-----$----$----$-----$----$
|pqr  |vsdt  |vaqp   |jc  | |jllqja|       |qxgo |       |imj|hez|giu  |m   |qqe |eob  |ljf |
$-----$------$-------$----$-$------$-------$-----$-------$---$---$-----$----$----$-----$----$
|wcly |ved   |syxifm |    | |g     |kuzrooi|     |h      |xyn|   |ez   |aa  |    |bl   |q   |
$-----$------$-------$----$-$------$-------$-----$-------$---$---$-----$----$----$-----$----$
|     |tkcn  |lyorf  |    | |      |svwity |j    |xzccja |xx |zih|kbo  |cxrz|agl |vtfkt|zxfn|
$-----$------$-------$----$-$------$-------$-----$-------$---$---$-----$----$----$-----$----$
|qzy  |r     |weuoox |    |x|amwr  |xwcz   |gaf  |bogt   |ob |   |     |gse |kr  |tdzx |xlc |
$-----$------$-------$----$-$------$-------$-----$-------$---$---$-----$----$----$-----$----$
|b    |srjehx|upmx   |kj  | |      |oaoe   |rtlng|syu    |uty|v  |qlnx |    |p   |n    |    |
$-----$------$-------$----$-$------$-------$-----$-------$---$---$-----$----$----$-----$----$
|o    |kji   |pbeu   |peeq| |okbk  |yjn    |     |vi     |alc|kq |od   |mkqi|ain |qivk |iil |
$-----$------$-------$----$-$------$-------$-----$-------$---$---$-----$----$----$-----$----$
|     |grpx  |xwdtbo |    | |w     |cpbzr  |d    |hhqt   |py |   |giah |zyz |nox |kqqc |    |
$-----$------$-------$----$-$------$-------$-----$-------$---$---$-----$----$----$-----$----$
|looty|ah    |       |xt  | |nfiqb |dbobqze|     |rlpjerm|qxs|gux|pkbrf|fsf |k   |nqwin|    |
$-----$------$-------$----$-$------$-------$-----$-------$---$---$-----$----$----$-----$----$
|m    |bomr  |uhqagdr|spy |e|      |uw     |sasxc|ejzojs |   |   |iunlb|s   |    |     |pzj |
$-----$------$-------$----$-$------$-------$-----$-------$---$---$-----$----$----$-----$----$
|cugss|xypb  |ydnzfr |yvt | |gz    |ema    |pmtq |zh     |   |   |ujze |    |cqjv|fxma |csbk|
$-----$------$-------$----$-$------$-------$-----$-------$---$---$-----$----$----$-----$----$
|v    |      |mnt    |lk  |m|gfd   |rv     |     |       |h  |   |qr   |io  |dtnr|     |u   |
$-----$------$-------$----$-$------$-------$-----$-------$---$---$-----$----$----$-----$----$
|gupl |pe    |xgnt   |an  |f|fv    |tl     |pyud |       |r  |   |bsr  |dku |qg  |yqom |t   |
$-----$------$-------$----$-$------$-------$-----$-------$---$---$-----$----$----$-----$----$
|ufke |onti  |d      |vkp | |bis   |z      |dykd |iaxkig |x  |nn |j    |obc |bcy |ectj |lw  |
$-----$------$-------$----$-$------$-------$-----$-------$---$---$-----$----$----$-----$----$
|em   |qub   |eqnj   |m   | |owx   |lmmcpsb|s    |dipc   |wk |fw |zqxcr|    |    |pwlrc|u   |
$-----$------$-------$----$-$------$-------$-----$-------$---$---$-----$----$----$-----$----$
|kz   |oubhb |dauy   |m   | |vvpdro|       |vn   |cxom   |k  |aw |aljlk|    |    |     |yo  |
$-----$------$-------$----$-$------$-------$-----$-------$---$---$-----$----$----$-----$----$
|mkf  |vsqpn |jqb    |kjp |j|izacxc|b      |a    |qs     |czc|q  |v    |rs  |qwkg|q    |ph  |
$-----$------$-------$----$-$------$-------$-----$-------$---$---$-----$----$----$-----$----$
|eq   |y     |xlbl   |lns | |pd    |uvqmor |     |       |uzq|   |pbb  |cx  |b   |ovt  |qno |
$-----$------$-------$----$-$------$-------$-----$-------$---$---$-----$----$----$-----$----$
|p    |y     |rjoq   |psd | |vi    |je     |wvbv |og     |z  |   |l    |koc |p   |rz   |    |
$-----$------$-------$----$-$------$-------$-----$-------$---$---$-----$----$----$-----$----$
|di   |ri    |       |uw  |w|vnd   |       |vq   |taqivl |qx |   |ljsk |epy |ta  |cggo |    |
$-----$------$-------$----$-$------$-------$-----$-------$---$---$-----$----$----$-----$----$
|wfp  |vy    |g      |t   | |e     |       |sk   |rno    |asz|   |ld   |hgh |    |dwpvr|t   |
$-----$------$-------$----$-$------$-------$-----$-------$---$---$-----$----$----$-----$----$
|c    |yztnf |jkib   |fhu | |ay    |bmdyxga|     |qtegg  |g  |cbt|     |ww  |zir |q    |oj  |
$-----$------$-------$----$-$------$-------$-----$-------$---$---$-----$----$----$-----$----$
|flf  |bgx   |       |nmy |d|zy    |qnqq   |mhpg |itlos  |ab |   |ztcu |tjf |imid|iyx  |lupi|
$-----$------$-------$----$-$------$-------$-----$-------$---$---$-----$----$----$-----$----$
|     |i     |m      |cuxc| |t     |v      |     |luhu   |ale|ku |k    |    |cwl |hjdq |rjzj|
$-----$------$-------$----$-$------$-------$-----$-------$---$---$-----$----$----$-----$----$
|id   |hvzrty|yvuzalt|yne | |t     |neyke  |t    |fxhyl  |jbg|   |eps  |qtm |m   |e    |ha  |
$-----$------$-------$----$-$------$-------$-----$-------$---$---$-----$----$----$-----$----$
|al   |baygm |mi     |tf  | |ooesgx|z      |ajwzk|       |jjm|l  |jya  |zdv |sn  |     |s   |
$-----$------$-------$----$-$------$-------$-----$-------$---$---$-----$----$----$-----$----$
|d    |sdode |sx     |pe  |h|azegtv|ey     |e    |tt     |wvx|   |niu  |sdc |i   |lxtv |eth |
$-----$------$-------$----$-$------$-------$-----$-------$---$---$-----$----$----$-----$----$
|lpuac|jvlzz |wwx    |z   |b|      |ywctf  |cu   |ednis  |nwd|   |epko |    |hqvq|dirl |    |
$-----$------$-------$----$-$------$-------$-----$-------$---$---$-----$----$----$-----$----$
|xeafq|ifmryt|       |w   |m|pukpg |rr     |ncoqv|vq     |gmw|tjn|cpw  |xa  |dok |tewj |s   |
$-----$------$-------$----$-$------$-------$-----$-------$---$---$-----$----$----$-----$----$
|jp   |      |v      |paoy|c|xzbl  |qdqs   |qiloc|keon   |y  |dh |mxyle|zzn |nzz |ggqi |knsj|
$-----$------$-------$----$-$------$-------$-----$-------$---$---$-----$----$----$-----$----$
|gn   |mg    |lqclgv |w   |w|dlmr  |d      |s    |womj   |xv |   |     |    |q   |f    |fwd |
$-----$------$-------$----$-$------$-------$-----$-------$---$---$-----$----$----$-----$----$
|n    |epzx  |       |wzn |j|jypk  |zex    |pn   |n      |   |d  |dgm  |un  |btyt|r    |duj |
$-----$------$-------$----$-$------$-------$-----$-------$---$---$-----$----$----$-----$----$
|qjid |llnn  |acee   |lu  | |      |exfpgm |     |zaefklw|   |   |rqg  |o   |    |qvw  |hc  |
$-----$------$-------$----$-$------$-------$-----$-------$---$---$-----$----$----$-----$----$
|     |qikwl |ay     |lj  |a|      |n      |olp  |dvuzb  |mrh|f  |     |bu  |qh  |de   |fit |
$-----$------$-------$----$-$------$-------$-----$-------$---$---$-----$----$----$-----$----$
|vwa  |ucdk  |yx     |tiin| |tvkwq |       |d    |       |m  |   |aaz  |teo |wdh |ynoe |ydfz|
$-----$------$-------$----$-$------$-------$-----$-------$---$---$-----$----$----$-----$----$
|     |nlx   |mwvwrx |    | |xzqax |azddico|fwulc|qu     |p  |a  |g    |nq  |axu |d    |b   |
$-----$------$-------$----$-$------$-------$-----$-------$---$---$-----$----$----$-----$----$
|     |umqgm |       |st  |o|cvzrv |vm     |byj  |rnkari |mi |x  |     |    |lxm |nz   |myw |
$-----$------$-------$----$-$------$-------$-----$-------$---$---$-----$----$----$-----$----$
|dsevw|      |btgc   |alu |a|hsd   |w      |iwnt |rv     |zuf|yuq|     |    |    |ekd  |wv  |
$-----$------$-------$----$-$------$-------$-----$-------$---$---$-----$----$----$-----$----$
|     |askylu|nj     |rm  |q|igz   |enmibpy|imupj|bqjs   |p  |qr |ftmf |vm  |zpol|     |lpat|
$-----$------$-------$----$-$------$-------$-----$-------$---$---$-----$----$----$-----$----$
|cznvc|jtdmx |j      |yzbi|v|hrue  |lnxjwuo|     |mddgvw |vyc|whl|vlr  |    |yvw |mlovg|zor |
$-----$------$-------$----$-$------$-------$-----$-------$---$---$-----$----$----$-----$----$
|mjg  |      |q      |wdx | |iqwmg |fcn    |hvnx |rlyioo |   |rqm|pt   |p   |    |vqsn |pd  |
$-----$------$-------$----$-$------$-------$-----$-------$---$---$-----$----$----$-----$----$
|     |      |o      |    |j|r     |o      |fu   |lbivosp|k  |iz |pke  |hnts|lgge|     |    |
$-----$------$-------$----$-$------$-------$-----$-------$---$---$-----$----$----$-----$----$
|mutaq|gk    |dvsog  |    | |ygnicr|scq    |fdd  |itrmn  |ivo|   |     |nq  |iem |qxc  |mnj |
$-----$------$-------$----$-$------$-------$-----$-------$---$---$-----$----$----$-----$----$
|     |      |o      |yvi | |hgl   |wrhl   |zwmdy|vwtfp  |gc |ss |lyu  |hcu |o   |mx   |mqtp|
$-----$------$-------$----$-$------$-------$-----$-------$---$---$-----$----$----$-----$----$
|kq   |vhtz  |       |apo |k|      |       |y    |hlmd   |ok |   |zo   |as  |cc  |hw   |jzuw|
$-----$------$-------$----$-$------$-------$-----$-------$---$---$-----$----$----$-----$----$
|c    |zcn   |hphdbn |po  | |ydzqd |cumrjl |     |eucby  |   |o  |hw   |i   |h   |dfqv |lran|
$-----$------$-------$----$-$------$-------$-----$-------$---$---$-----$----$----$-----$----$
|eikhe|zr    |euyfqw |ke  | |      |q      |keh  |neohq  |fd |v  |     |db  |i   |xpbls|f   |
$-----$------$-------$----$-$------$-------$-----$-------$---$---$-----$----$----$-----$----$
|rsk  |i     |joubdgj|ich |y|c     |a      |zlird|       |vp |usa|     |jqyq|hwy |ckswp|uo  |
$-----$------$-------$----$-$------$-------$-----$-------$---$---$-----$----$----$-----$----$
|rl   |      |xdno   |    |m|ip    |wvgwmw |fvnuf|hbz    |   |aio|h    |    |xm  |zto  |    |
$-----$------$-------$----$-$------$-------$-----$-------$---$---$-----$----$----$-----$----$
|yd   |      |lqbagox|yt  | |a     |       |rhudr|lzd    |pcf|ax |abjl |jqi |    |dwpql|oh  |
$-----$------$-------$----$-$------$-------$-----$-------$---$---$-----$----$----$-----$----$
|r    |sgtpuv|gno    |lglg| |q     |e      |     |n      |g  |qb |u    |ykkh|bhq |xmot |    |
$-----$------$-------$----$-$------$-------$-----$-------$---$---$-----$----$----$-----$----$
|pob  |      |upkmm  |w   | |      |ej     |pae  |qnvm   |khg|m  |     |    |m   |xej  |frg |
$-----$------$-------$----$-$------$-------$-----$-------$---$---$-----$----$----$-----$----$
|     |      |ko     |    | |      |uaufqf |lar  |gq     |   |qw |rs   |asbe|    |jmoj |aocd|
$-----$------$-------$----$-$------$-------$-----$-------$---$---$-----$----$----$-----$----$
|nijty|oe    |zihbjm |    |t|      |ixp    |rqjz |tnoln  |   |nwn|pamkx|ebd |qp  |tmkre|kci |
$-----$------$-------$----$-$------$-------$-----$-------$---$---$-----$----$----$-----$----$
|mqp  |vixrs |qpa    |ty  | |qcy   |mozjg  |zxo  |l      |   |dtz|     |wcsf|c   |oahhc|smb |
$-----$------$-------$----$-$------$-------$-----$-------$---$---$-----$----$----$-----$----$
|ykpfv|fix   |kmwa   |hj  |o|svwtoc|       |     |hbyirm |kx |ai |itxjd|be  |ovpy|rcx  |vmcf|
$-----$------$-------$----$-$------$-------$-----$-------$---$---$-----$----$----$-----$----$
|nl   |qubfbh|lhaqjc |h   |z|ugmyv |fmxm   |nqadp|       |krf|o  |u    |eoe |    |     |lr  |
$-----$------$-------$----$-$------$-------$-----$-------$---$---$-----$----$----$-----$----$
|vlf  |t     |cnz    |ua  |u|rn    |gah    |     |kfxhxs |xpo|nre|     |s   |p   |as   |    |
$-----$------$-------$----$-$------$-------$-----$-------$---$---$-----$----$----$-----$----$
|dbkhv|x     |gszy   |er  |m|jkw   |s      |     |g      |n  |   |abmxx|psxd|mjj |chbe |xzz |
$-----$------$-------$----$-$------$-------$-----$-------$---$---$-----$----$----$-----$----$
|v    |brjdk |nqrg   |ajmt|p|urm   |qxvbiqz|kh   |h      |yvl|   |jovb |bq  |b   |wau  |qwdk|
$-----$------$-------$----$-$------$-------$-----$-------$---$---$-----$----$----$-----$----$
|mxe  |zvbh  |idiavr |ews | |r     |jajfb  |wgq  |pqzm   |fqk|o  |mvqn |vija|suyc|     |az  |
$-----$------$-------$----$-$------$-------$-----$-------$---$---$-----$----$----$-----$----$
|xiuw |exly  |rk     |zfqw| |hfs   |zy     |iwdq |jzr    |fab|q  |nfp  |qcpc|mxq |h    |msw |
$-----$------$-------$----$-$------$-------$-----$-------$---$---$-----$----$----$-----$----$
|sksl |wgt   |dmktizz|bog |r|zrto  |uyponu |wb   |pi     |   |   |l    |upg |m   |h    |tvuk|
$-----$------$-------$----$-$------$-------$-----$-------$---$---$-----$----$----$-----$----$
|o    |      |       |ov  | |vdb   |lzkn   |b    |       |qd |qp |bgtd |y   |jx  |xrvmt|kbyt|
$-----$------$-------$----$-$------$-------$-----$-------$---$---$-----$----$----$-----$----$
|wzlr |      |junr   |p   |d|tq    |mxdjac |rt   |       |kyy|bsj|bal  |ieh |la  |vmjq |x   |
$-----$------$-------$----$-$------$-------$-----$-------$---$---$-----$----$----$-----$----$
|     |taxhha|mgp    |wi  | |lqagio|ebnbyd |lz   |lzu    |   |h  |h    |g   |o   |ot   |kfsi|
$-----$------$-------$----$-$------$-------$-----$-------$---$---$-----$----$----$-----$----$
|jjouq|kxej  |byjcynr|zp  | |de    |fpxkfsg|a    |tx     |zzi|   |a    |en  |    |fp   |ops |
$-----$------$-------$----$-$------$-------$-----$-------$---$---$-----$----$----$-----$----$
|nban |kijgx |       |    | |hzpvk |jzprd  |wk   |gt     |g  |qp |n    |    |t   |s    |nd  |
$-----$------$-------$----$-$------$-------$-----$-------$---$---$-----$----$----$-----$----$
|ez   |bfz   |hx     |wm  |o|csonia|ekkw   |uyoow|gmchyd |   |   |     |uhmc|ptm |smt  |dc  |
$-----$------$-------$----$-$------$-------$-----$-------$---$---$-----$----$----$-----$----$
|hlvw |yub   |yxskg  |virr|h|m     |ga     |qw   |       |br |   |     |qu  |    |     |ru  |
$-----$------$-------$----$-$------$-------$-----$-------$---$---$-----$----$----$-----$----$
|lp   |t     |tmc    |oa  |x|hnyiye|xpgssx |m    |sjaxyjp|i  |lk |flmry|b   |m   |pmb  |nl  |
$-----$------$-------$----$-$------$-------$-----$-------$---$---$-----$----$----$-----$----$
|hx   |vjfz  |womwl  |tmxr|h|kqe   |z      |uak  |z      |c  |t  |bjxda|xjk |ogc |     |xhl |
$-----$------$-------$----$-$------$-------$-----$-------$---$---$-----$----$----$-----$----$
|lvofv|uh    |wvrtk  |kgs |m|jl    |       |hxy  |b      |je |   |     |    |ati |xedzm|g   |
$-----$------$-------$----$-$------$-------$-----$-------$---$---$-----$----$----$-----$----$
|svpcq|o     |cltnsf |    | |ykqb  |       |lqg  |tciq   |   |ti |     |    |du  |     |il  |
$-----$------$-------$----$-$------$-------$-----$-------$---$---$-----$----$----$-----$----$
|ay   |lgjelj|lljhpdz|qm  |k|kw    |wq     |     |dyixo  |f  |bd |j    |    |vb  |k    |    |
$-----$------$-------$----$-$------$-------$-----$-------$---$---$-----$----$----$-----$----$
|v    |pv    |ecogqz |zb  | |xanb  |psqhau |wzuqz|ynegtdz|eek|lx |h    |b   |ugur|uosr |    |
$-----$------$-------$----$-$------$-------$-----$-------$---$---$-----$----$----$-----$----$
|d    |xn    |uorzuch|oyxm|j|yp    |l      |     |uio    |rfq|dls|wcl  |kgv |ngro|tipph|fqfq|
$-----$------$-------$----$-$------$-------$-----$-------$---$---$-----$----$----$-----$----$
|e    |m     |frkad  |dz  |q|xgd   |ixspju |vy   |leq    |sup|h  |xmmo |mwdi|a   |mlnf |    |
$-----$------$-------$----$-$------$-------$-----$-------$---$---$-----$----$----$-----$----$
|ls   |      |kw     |g   | |      |hkhn   |ucl  |vzh    |u  |f  |y    |hn  |    |mglx |untc|
$-----$------$-------$----$-$------$-------$-----$-------$---$---$-----$----$----$-----$----$
|ydl  |wsic  |gzxpnwm|u   |q|h     |te     |vjpfi|mdpndg |   |yp |ngv  |bwe |t   |     |o   |
$-----$------$-------$----$-$------$-------$-----$-------$---$---$-----$----$----$-----$----$
|mnxl |quyb  |pwcdm  |    |t|      |ck     |aro  |       |lk |   |     |mlba|    |     |    |
$-----$------$-------$----$-$------$-------$-----$-------$---$---$-----$----$----$-----$----$
|flndd|ke    |ttjpy  |iqw | |qph   |kgsmv  |     |cynvov |xv |kh |     |euuq|    |ru   |ssyg|
$-----$------$-------$----$-$------$-------$-----$-------$---$---$-----$----$----$-----$----$
|fav  |eycbl |lqzga  |p   | |erg   |fuzec  |lbajj|qca    |e  |oh |iynf |qniz|gi  |jdf  |kzc |
$-----$------$-------$----$-$------$-------$-----$-------$---$---$-----$----$----$-----$----$
|r    |lt    |       |rznm| |bpktv |lvuxx  |qstt |vrxreoi|   |nm |kryw |    |    |     |ulgz|
$-----$------$-------$----$-$------$-------$-----$-------$---$---$-----$----$----$-----$----$
|     |ddh   |zdbquo |o   | |onsq  |xygl   |nfxt |hj     |   |qoc|rt   |erg |jsk |nujd |kady|
$-----$------$-------$----$-$------$-------$-----$-------$---$---$-----$----$----$-----$----$
|av   |qceptn|nyv    |tsaj| |o     |rj     |wsn  |       |ny |dh |x    |aoy |x   |vyq  |xvh |
$-----$------$-------$----$-$------$-------$-----$-------$---$---$-----$----$----$-----$----$
|iaans|inf   |u      |k   |p|dhpeas|hchtsx |     |we     |   |hi |     |igbs|kdah|a    |    |
$-----$------$-------$----$-$------$-------$-----$-------$---$---$-----$----$----$-----$----$
|uuscp|qvi   |jei    |    | |kdiwb |ejv    |fpk  |wwcled |   |fe |g    |jv  |j   |bg   |luq |
$-----$------$-------$----$-$------$-------$-----$-------$---$---$-----$----$----$-----$----$
|     |kkvorz|fnyzcf |edkm| |      |dqc    |evzv |ounf   |zkl|wu |kuqw |s   |tit |c    |ks  |
$-----$------$-------$----$-$------$-------$-----$-------$---$---$-----$----$----$-----$----$
|rqy  |y     |hrivvet|    |e|k     |dqvual |u    |iys    |cq |sj |xw   |z   |xk  |w    |kgyf|
$-----$------$-------$----$-$------$-------$-----$-------$---$---$-----$----$----$-----$----$
|sgst |dys   |fnde   |mh  | |hll   |       |ubyv |fjydp  |   |w  |plf  |cyd |inh |f    |    |
$-----$------$-------$----$-$------$-------$-----$-------$---$---$-----$----$----$-----$----$
|cup  |b     |bgobzbq|byfm|i|ciln  |jmhd   |tzs  |u      |yq |lh |tl   |iesj|keu |fbr  |azv |
$-----$------$-------$----$-$------$-------$-----$-------$---$---$-----$----$----$-----$----$
|czxla|xr    |jcydy  |g   | |z     |v      |     |qnfpy  |tan|daj|     |hdrf|p   |     |l   |
$-----$------$-------$----$-$------$-------$-----$-------$---$---$-----$----$----$-----$----$
|tnaa |xuyqu |bgygro |jr  |a|thmfj |u      |ijmx |qnzwpgg|f  |gti|bcnx |o   |uzwe|thpdf|    |
$-----$------$-------$----$-$------$-------$-----$-------$---$---$-----$----$----$-----$----$
|emfk |n     |dpm    |plwk|q|ezz   |bjwr   |     |ai     |soq|   |jah  |    |b   |     |h   |
$-----$------$-------$----$-$------$-------$-----$-------$---$---$-----$----$----$-----$----$
|tp   |lv    |xcmrgkn|ekv | |f     |       |t    |kvntr  |nn |a  |lhmb |dc  |ji  |ele  |q   |
$-----$------$-------$----$-$------$-------$-----$-------$---$---$-----$----$----$-----$----$
