+------------------+------------------+---+---------+
|                87|740868498244912741|976|       16|
+------------------+------------------+---+---------+
|       64743996122|   771802610652398|   |      157|
+------------------+------------------+---+---------+
|     1490362710303|                  |268|  0709975|
+------------------+------------------+---+---------+
|824199942807049407|                  |  0|128681103|
+------------------+------------------+---+---------+
